[119.28.27.89] Error root => Winson06@qqcloud[119.28.27.89] Error root => Winson06@qqcloud[119.28.27.89] Error root => Winson06@qqcloud[ Tue Feb 27 23:29:13 2018 ] IP => 119.28.27.89, port => 22, root => Winson06@qqcloud[119.28.27.89] exec : vmstat